SQL> SET FEEDBACK ON
SQL> SET SCAN OFF
SQL> SET TRIMS ON
SQL> SET NUMWIDTH 15
SQL>
SQL>
SQL>
SQL> SELECT TO_CHAR(SYSDATE,'MM-DD-YYYY HH:MI:SS') FROM DUAL;

TO_CHAR(SYSDATE,'MM
-------------------
08-01-2019 10:09:51

1 row selected.

Elapsed: 00:00:00.029
SQL> SELECT USER  FROM DUAL;

USER
--------------------------------------------------------------------------------------------------------------------------------
ADMIN

1 row selected.

Elapsed: 00:00:00.029
SQL>
SQL> drop package ZBR_RESEQUENCER_PKG ;

Package ZBR_RESEQUENCER_PKG dropped.

Elapsed: 00:00:00.169
SQL> @@ZBR_RESEQUENCER_DDL_ROLLBACK.sql;
SQL> DROP TYPE ZBR_RESEQUENCER_PKG_GET_GRP_LIST;

Type ZBR_RESEQUENCER_PKG_GET_GRP_LIST dropped.

Elapsed: 00:00:00.053
SQL> DROP TYPE ZBR_RESEQUENCER_PKG_GET_MSG_LIST;

Type ZBR_RESEQUENCER_PKG_GET_MSG_LIST dropped.

Elapsed: 00:00:00.050
SQL> DROP TYPE ZBR_RESEQUENCER_PKG_CONTROL_TBL_LIST;

Type ZBR_RESEQUENCER_PKG_CONTROL_TBL_LIST dropped.

Elapsed: 00:00:00.044
SQL> DROP TYPE ZBR_RESEQUENCER_PKG_ATTRIBUTE_LIST;

Type ZBR_RESEQUENCER_PKG_ATTRIBUTE_LIST dropped.

Elapsed: 00:00:00.045
SQL> DROP TYPE ZBR_RESEQUENCER_PKG_TP_METADATA_LIST;

Type ZBR_RESEQUENCER_PKG_TP_METADATA_LIST dropped.

Elapsed: 00:00:00.046
SQL> DROP TYPE ZEB_RESEQUENCER_VB_MESSAGE_LIST;

Type ZEB_RESEQUENCER_VB_MESSAGE_LIST dropped.

Elapsed: 00:00:00.048
SQL> DROP TYPE ZEB_RESEQUENCER_VB_GROUP_LIST;

Type ZEB_RESEQUENCER_VB_GROUP_LIST dropped.

Elapsed: 00:00:00.052
SQL> DROP TYPE ZBR_RESEQUENCER_PKG_MSG_LIST;

Type ZBR_RESEQUENCER_PKG_MSG_LIST dropped.

Elapsed: 00:00:00.048
SQL> DROP TYPE ZBR_RESEQUENCER_PKG_ID_LIST;

Type ZBR_RESEQUENCER_PKG_ID_LIST dropped.

Elapsed: 00:00:00.048
SQL> DROP TYPE ZBR_RESEQUENCER_PKG_GET_GRP_REC;

Type ZBR_RESEQUENCER_PKG_GET_GRP_REC dropped.

Elapsed: 00:00:00.051
SQL> DROP TYPE ZBR_RESEQUENCER_PKG_GET_MSG_REC;

Type ZBR_RESEQUENCER_PKG_GET_MSG_REC dropped.

Elapsed: 00:00:00.051
SQL> DROP TYPE ZBR_RESEQUENCER_PKG_CONTROL_TBL_REC;

Type ZBR_RESEQUENCER_PKG_CONTROL_TBL_REC dropped.

Elapsed: 00:00:00.046
SQL> DROP TYPE ZBR_RESEQUENCER_PKG_ATTRIBUTE_REC;

Type ZBR_RESEQUENCER_PKG_ATTRIBUTE_REC dropped.

Elapsed: 00:00:00.046
SQL> DROP TYPE ZBR_RESEQUENCER_PKG_TP_METADATA_REC;

Type ZBR_RESEQUENCER_PKG_TP_METADATA_REC dropped.

Elapsed: 00:00:00.050
SQL> DROP TYPE ZEB_RESEQUENCER_VB_MESSAGE_REC;

Type ZEB_RESEQUENCER_VB_MESSAGE_REC dropped.

Elapsed: 00:00:00.054
SQL> DROP TYPE ZEB_RESEQUENCER_VB_GROUP_REC;

Type ZEB_RESEQUENCER_VB_GROUP_REC dropped.

Elapsed: 00:00:00.055
SQL> DROP TYPE ZBR_RESEQUENCER_PKG_MSG_REC;

Type ZBR_RESEQUENCER_PKG_MSG_REC dropped.

Elapsed: 00:00:00.054
SQL> DROP TABLE ZEB_RESEQ_CONTROL_TBL;

Table ZEB_RESEQ_CONTROL_TBL dropped.

Elapsed: 00:00:00.056
SQL> DROP TABLE ZEB_RESEQUENCER_TP_METADATA;

Table ZEB_RESEQUENCER_TP_METADATA dropped.

Elapsed: 00:00:00.097
SQL> DROP TABLE ZEB_RESEQUENCER_MESSAGE  ;

Table ZEB_RESEQUENCER_MESSAGE dropped.

Elapsed: 00:00:00.124
SQL> DROP TABLE ZEB_RESEQUENCER_GROUP ;

Table ZEB_RESEQUENCER_GROUP dropped.

Elapsed: 00:00:00.112
SQL>
SQL> show error;
SQL>
SQL> Spool off;
